[    0.000000] Initializing cgroup subsys cpuset
[    0.000000] Initializing cgroup subsys cpu
[    0.000000] Initializing cgroup subsys cpuacct
[    0.000000] Linux version 4.4.0-64-generic (buildd@lgw01-56) (gcc version 5.4.0 20160609 (Ubuntu 5.4.0-6ubuntu1~16.04.4) ) #85-Ubuntu SMP Mon Feb 20 11:50:30 UTC 2017 (Ubuntu 4.4.0-64.85-generic 4.4.44)
[    0.000000] Command line: BOOT_IMAGE=/boot/vmlinuz-4.4.0-64-generic root=UUID=8ca31236-1b14-47d1-a491-527b2dc859dc ro console=tty1 console=ttyS0
[    0.000000] KERNEL supported cpus:
[    0.000000]   Intel GenuineIntel
[    0.000000]   AMD AuthenticAMD
[    0.000000]   Centaur CentaurHauls
[    0.000000] x86/fpu: xstate_offset[2]:  576, xstate_sizes[2]:  256
[    0.000000] x86/fpu: Supporting XSAVE feature 0x01: 'x87 floating point registers'
[    0.000000] x86/fpu: Supporting XSAVE feature 0x02: 'SSE registers'
[    0.000000] x86/fpu: Supporting XSAVE feature 0x04: 'AVX registers'
[    0.000000] x86/fpu: Enabled xstate features 0x7, context size is 832 bytes, using 'standard' format.
[    0.000000] x86/fpu: Using 'lazy' FPU context switches.
[    0.000000] e820: BIOS-provided physical RAM map:
[    0.000000] BIOS-e820: [mem 0x0000000000000000-0x000000000009fbff] usable
[    0.000000] BIOS-e820: [mem 0x000000000009fc00-0x000000000009ffff] reserved
[    0.000000] BIOS-e820: [mem 0x00000000000f0000-0x00000000000fffff] reserved
[    0.000000] BIOS-e820: [mem 0x0000000000100000-0x000000003ffeffff] usable
[    0.000000] BIOS-e820: [mem 0x000000003fff0000-0x000000003fffffff] ACPI data
[    0.000000] BIOS-e820: [mem 0x00000000fec00000-0x00000000fec00fff] reserved
[    0.000000] BIOS-e820: [mem 0x00000000fee00000-0x00000000fee00fff] reserved
[    0.000000] BIOS-e820: [mem 0x00000000fffc0000-0x00000000ffffffff] reserved
[    0.000000] NX (Execute Disable) protection: active
[    0.000000] SMBIOS 2.5 present.
[    0.000000] Hypervisor detected: KVM
[    0.000000] e820: last_pfn = 0x3fff0 max_arch_pfn = 0x400000000
[    0.000000] MTRR: Disabled
[    0.000000] x86/PAT: MTRRs disabled, skipping PAT initialization too.
[    0.000000] x86/PAT: Configuration [0-7]: WB  WT  UC- UC  WB  WT  UC- UC  
[    0.000000] CPU MTRRs all blank - virtualized system.
[    0.000000] found SMP MP-table at [mem 0x0009fff0-0x0009ffff] mapped at [ffff88000009fff0]
[    0.000000] Scanning 1 areas for low memory corruption
[    0.000000] RAMDISK: [mem 0x3623a000-0x37114fff]
[    0.000000] ACPI: Early table checksum verification disabled
[    0.000000] ACPI: RSDP 0x00000000000E0000 000024 (v02 VBOX  )
[    0.000000] ACPI: XSDT 0x000000003FFF0030 00003C (v01 VBOX   VBOXXSDT 00000001 ASL  00000061)
[    0.000000] ACPI: FACP 0x000000003FFF00F0 0000F4 (v04 VBOX   VBOXFACP 00000001 ASL  00000061)
[    0.000000] ACPI: DSDT 0x000000003FFF0470 00210F (v01 VBOX   VBOXBIOS 00000002 INTL 20100528)
[    0.000000] ACPI: FACS 0x000000003FFF0200 000040
[    0.000000] ACPI: FACS 0x000000003FFF0200 000040
[    0.000000] ACPI: APIC 0x000000003FFF0240 00005C (v02 VBOX   VBOXAPIC 00000001 ASL  00000061)
[    0.000000] ACPI: SSDT 0x000000003FFF02A0 0001CC (v01 VBOX   VBOXCPUT 00000002 INTL 20100528)
[    0.000000] No NUMA configuration found
[    0.000000] Faking a node at [mem 0x0000000000000000-0x000000003ffeffff]
[    0.000000] NODE_DATA(0) allocated [mem 0x3ffeb000-0x3ffeffff]
[    0.000000] kvm-clock: Using msrs 4b564d01 and 4b564d00
[    0.000000] kvm-clock: cpu 0, msr 0:3ffe3001, primary cpu clock
[    0.000000] kvm-clock: using sched offset of 3947486760 cycles
[    0.000000] clocksource: kvm-clock: mask: 0xffffffffffffffff max_cycles: 0x1cd42e4dffb, max_idle_ns: 881590591483 ns
[    0.000000] Zone ranges:
[    0.000000]   DMA      [mem 0x0000000000001000-0x0000000000ffffff]
[    0.000000]   DMA32    [mem 0x0000000001000000-0x000000003ffeffff]
[    0.000000]   Normal   empty
[    0.000000]   Device   empty
[    0.000000] Movable zone start for each node
[    0.000000] Early memory node ranges
[    0.000000]   node   0: [mem 0x0000000000001000-0x000000000009efff]
[    0.000000]   node   0: [mem 0x0000000000100000-0x000000003ffeffff]
[    0.000000] Initmem setup node 0 [mem 0x0000000000001000-0x000000003ffeffff]
[    0.000000] ACPI: PM-Timer IO Port: 0x4008
[    0.000000] IOAPIC[0]: apic_id 2, version 32, address 0xfec00000, GSI 0-23
[    0.000000] ACPI: INT_SRC_OVR (bus 0 bus_irq 0 global_irq 2 dfl dfl)
[    0.000000] ACPI: INT_SRC_OVR (bus 0 bus_irq 9 global_irq 9 high level)
[    0.000000] Using ACPI (MADT) for SMP configuration information
[    0.000000] smpboot: Allowing 2 CPUs, 0 hotplug CPUs
[    0.000000] PM: Registered nosave memory: [mem 0x00000000-0x00000fff]
[    0.000000] PM: Registered nosave memory: [mem 0x0009f000-0x0009ffff]
[    0.000000] PM: Registered nosave memory: [mem 0x000a0000-0x000effff]
[    0.000000] PM: Registered nosave memory: [mem 0x000f0000-0x000fffff]
[    0.000000] e820: [mem 0x40000000-0xfebfffff] available for PCI devices
[    0.000000] Booting paravirtualized kernel on KVM
[    0.000000] clocksource: refined-jiffies: mask: 0xffffffff max_cycles: 0xffffffff, max_idle_ns: 7645519600211568 ns
[    0.000000] setup_percpu: NR_CPUS:512 nr_cpumask_bits:512 nr_cpu_ids:2 nr_node_ids:1
[    0.000000] PERCPU: Embedded 33 pages/cpu @ffff88003fc00000 s98264 r8192 d28712 u1048576
[    0.000000] PV qspinlock hash table entries: 256 (order: 0, 4096 bytes)
[    0.000000] Built 1 zonelists in Node order, mobility grouping on.  Total pages: 257913
[    0.000000] Policy zone: DMA32
[    0.000000] Kernel command line: BOOT_IMAGE=/boot/vmlinuz-4.4.0-64-generic root=UUID=8ca31236-1b14-47d1-a491-527b2dc859dc ro console=tty1 console=ttyS0
[    0.000000] PID hash table entries: 4096 (order: 3, 32768 bytes)
[    0.000000] Memory: 997364K/1048120K available (8452K kernel code, 1293K rwdata, 3980K rodata, 1488K init, 1316K bss, 50756K reserved, 0K cma-reserved)
[    0.000000] SLUB: HWalign=64, Order=0-3, MinObjects=0, CPUs=2, Nodes=1
[    0.000000] Hierarchical RCU implementation.
[    0.000000] 	Build-time adjustment of leaf fanout to 64.
[    0.000000] 	RCU restricting CPUs from NR_CPUS=512 to nr_cpu_ids=2.
[    0.000000] RCU: Adjusting geometry for rcu_fanout_leaf=64, nr_cpu_ids=2
[    0.000000] NR_IRQS:33024 nr_irqs:440 16
[    0.000000] Console: colour VGA+ 80x25
[    0.000000] console [tty1] enabled
[    0.000000] console [ttyS0] enabled
[    0.000000] tsc: Detected 2494.316 MHz processor
[    0.876689] Calibrating delay loop (skipped) preset value.. 4988.63 BogoMIPS (lpj=9977264)
[    0.892683] pid_max: default: 32768 minimum: 301
[    0.899283] ACPI: Core revision 20150930
[    0.913293] ACPI: 2 ACPI AML tables successfully acquired and loaded
[    0.938579] Security Framework initialized
[    0.959133] Yama: becoming mindful.
[    0.965539] AppArmor: AppArmor initialized
[    0.973456] Dentry cache hash table entries: 131072 (order: 8, 1048576 bytes)
[    0.980679] Inode-cache hash table entries: 65536 (order: 7, 524288 bytes)
[    0.989088] Mount-cache hash table entries: 2048 (order: 2, 16384 bytes)
[    0.996182] Mountpoint-cache hash table entries: 2048 (order: 2, 16384 bytes)
[    1.017530] Initializing cgroup subsys io
[    1.024115] Initializing cgroup subsys memory
[    1.033037] Initializing cgroup subsys devices
[    1.041340] Initializing cgroup subsys freezer
[    1.047753] Initializing cgroup subsys net_cls
[    1.054322] Initializing cgroup subsys perf_event
[    1.060838] Initializing cgroup subsys net_prio
[    1.067531] Initializing cgroup subsys hugetlb
[    1.074077] Initializing cgroup subsys pids
[    1.080562] CPU: Physical Processor ID: 0
[    1.098032] CPU: Processor Core ID: 0
[    1.104661] mce: CPU supports 0 MCE banks
[    1.112706] Last level iTLB entries: 4KB 512, 2MB 8, 4MB 8
[    1.119263] Last level dTLB entries: 4KB 512, 2MB 32, 4MB 32, 1GB 0
[    1.128171] Freeing SMP alternatives memory: 32K (ffffffff820b9000 - ffffffff820c1000)
[    1.152317] ftrace: allocating 32123 entries in 126 pages
[    1.209433] smpboot: APIC(0) Converting physical 0 to logical package 0
[    1.216537] smpboot: Max logical packages: 1
[    1.228996] x2apic enabled
[    1.240735] Switched APIC routing to physical x2apic.
[    1.250380] ..TIMER: vector=0x30 apic1=0 pin1=2 apic2=-1 pin2=-1
[    1.362964] smpboot: CPU0: Intel(R) Core(TM) i5-3210M CPU @ 2.50GHz (family: 0x6, model: 0x3a, stepping: 0x9)
[    1.392746] Performance Events: unsupported p6 CPU model 58 no PMU driver, software events only.
[    1.416406] KVM setup paravirtual spinlock
[    1.430333] x86: Booting SMP configuration:
[    1.436939] .... node  #0, CPUs:      #1
[    1.455811] kvm-clock: cpu 1, msr 0:3ffe3041, secondary cpu clock
[    1.457975] mce: CPU supports 0 MCE banks
[    1.469907] x86: Booted up 1 node, 2 CPUs
[    1.471582] smpboot: Total of 2 processors activated (9977.26 BogoMIPS)
[    1.474231] devtmpfs: initialized
[    1.477951] evm: security.selinux
[    1.478965] evm: security.SMACK64
[    1.494246] evm: security.SMACK64EXEC
[    1.495553] evm: security.SMACK64TRANSMUTE
[    1.496969] evm: security.SMACK64MMAP
[    1.498222] evm: security.ima
[    1.512211] evm: security.capability
[    1.518788] clocksource: jiffies: mask: 0xffffffff max_cycles: 0xffffffff, max_idle_ns: 7645041785100000 ns
[    1.534681] pinctrl core: initialized pinctrl subsystem
[    1.535993] RTC time: 18:29:24, date: 02/27/17
[    1.555997] NET: Registered protocol family 16
[    1.589105] cpuidle: using governor ladder
[    1.616929] cpuidle: using governor menu
[    1.631339] PCCT header not found.
[    1.632347] ACPI: bus type PCI registered
[    1.638679] acpiphp: ACPI Hot Plug PCI Controller Driver version: 0.5
[    1.648566] PCI: Using configuration type 1 for base access
[    1.666148] ACPI: Added _OSI(Module Device)
[    1.677775] ACPI: Added _OSI(Processor Device)
[    1.678880] ACPI: Added _OSI(3.0 _SCP Extensions)
[    1.687882] ACPI: Added _OSI(Processor Aggregator Device)
[    1.689844] ACPI: Executed 1 blocks of module-level executable AML code
[    1.705794] ACPI: Interpreter enabled
[    1.709041] ACPI: (supports S0 S5)
[    1.712871] ACPI: Using IOAPIC for interrupt routing
[    1.719494] PCI: Using host bridge windows from ACPI; if necessary, use "pci=nocrs" and report a bug
[    1.727351] ACPI: PCI Root Bridge [PCI0] (domain 0000 [bus 00-ff])
[    1.733997] acpi PNP0A03:00: _OSC: OS supports [ASPM ClockPM Segments MSI]
[    1.740915] acpi PNP0A03:00: _OSC failed (AE_NOT_FOUND); disabling ASPM
[    1.747916] acpi PNP0A03:00: fail to add MMCONFIG information, can't access extended PCI configuration space under this bridge.
[    1.756005] PCI host bridge to bus 0000:00
[    1.767390] pci_bus 0000:00: root bus resource [io  0x0000-0x0cf7 window]
[    1.776970] pci_bus 0000:00: root bus resource [io  0x0d00-0xffff window]
[    1.784040] pci_bus 0000:00: root bus resource [mem 0x000a0000-0x000bffff window]
[    1.907322] pci_bus 0000:00: root bus resource [mem 0x40000000-0xffdfffff window]
[    1.946735] pci_bus 0000:00: root bus resource [bus 00-ff]
[    1.966157] pci 0000:00:01.1: legacy IDE quirk: reg 0x10: [io  0x01f0-0x01f7]
[    1.973156] pci 0000:00:01.1: legacy IDE quirk: reg 0x14: [io  0x03f6]
[    1.982432] pci 0000:00:01.1: legacy IDE quirk: reg 0x18: [io  0x0170-0x0177]
[    1.989369] pci 0000:00:01.1: legacy IDE quirk: reg 0x1c: [io  0x0376]
[    2.015738] pci 0000:00:07.0: quirk: [io  0x4000-0x403f] claimed by PIIX4 ACPI
[    2.025493] pci 0000:00:07.0: quirk: [io  0x4100-0x410f] claimed by PIIX4 SMB
[    2.066576] ACPI: PCI Interrupt Link [LNKA] (IRQs 5 9 10 *11)
[    2.075507] ACPI: PCI Interrupt Link [LNKB] (IRQs 5 9 10 *11)
[    2.088638] ACPI: PCI Interrupt Link [LNKC] (IRQs 5 9 *10 11)
[    2.097668] ACPI: PCI Interrupt Link [LNKD] (IRQs 5 *9 10 11)
[    2.100800] ACPI: Enabled 2 GPEs in block 00 to 07
[    2.116197] vgaarb: setting as boot device: PCI:0000:00:02.0
[    2.121563] vgaarb: device added: PCI:0000:00:02.0,decodes=io+mem,owns=io+mem,locks=none
[    2.123453] vgaarb: loaded
[    2.133048] vgaarb: bridge control possible 0000:00:02.0
[    2.139924] SCSI subsystem initialized
[    2.148123] ACPI: bus type USB registered
[    2.154570] usbcore: registered new interface driver usbfs
[    2.160827] usbcore: registered new interface driver hub
[    2.167430] usbcore: registered new device driver usb
[    2.172368] PCI: Using ACPI for IRQ routing
[    2.182699] NetLabel: Initializing
[    2.188910] NetLabel:  domain hash size = 128
[    2.195542] NetLabel:  protocols = UNLABELED CIPSOv4
[    2.204323] NetLabel:  unlabeled traffic allowed by default
[    2.215361] amd_nb: Cannot enumerate AMD northbridges
[    2.227494] clocksource: Switched to clocksource kvm-clock
[    2.242417] AppArmor: AppArmor Filesystem Enabled
[    2.249347] pnp: PnP ACPI init
[    2.256721] pnp: PnP ACPI: found 3 devices
[    2.275613] clocksource: acpi_pm: mask: 0xffffff max_cycles: 0xffffff, max_idle_ns: 2085701024 ns
[    2.297739] NET: Registered protocol family 2
[    2.304340] TCP established hash table entries: 8192 (order: 4, 65536 bytes)
[    2.309182] TCP bind hash table entries: 8192 (order: 5, 131072 bytes)
[    2.316056] TCP: Hash tables configured (established 8192 bind 8192)
[    2.323976] UDP hash table entries: 512 (order: 2, 16384 bytes)
[    2.334984] UDP-Lite hash table entries: 512 (order: 2, 16384 bytes)
[    2.341772] NET: Registered protocol family 1
[    2.360861] pci 0000:00:00.0: Limiting direct PCI/PCI transfers
[    2.367680] pci 0000:00:01.0: Activating ISA DMA hang workarounds
[    2.375933] Trying to unpack rootfs image as initramfs...
[    2.619895] Freeing initrd memory: 15212K (ffff88003623a000 - ffff880037115000)
[    2.673679] RAPL PMU detected, API unit is 2^-32 Joules, 3 fixed counters 10737418240 ms ovfl timer
[    2.694020] hw unit of domain pp0-core 2^-0 Joules
[    2.703909] hw unit of domain package 2^-0 Joules
[    2.705030] hw unit of domain pp1-gpu 2^-0 Joules
[    2.752995] platform rtc_cmos: registered platform RTC device (no PNP device found)
[    2.793770] Scanning for low memory corruption every 60 seconds
[    2.796284] futex hash table entries: 512 (order: 3, 32768 bytes)
[    2.884255] audit: initializing netlink subsys (disabled)
[    2.945325] audit: type=2000 audit(1488220169.888:1): initialized
[    2.947618] Initialise system trusted keyring
[    2.998511] HugeTLB registered 2 MB page size, pre-allocated 0 pages
[    3.015165] zbud: loaded
[    3.018506] VFS: Disk quotas dquot_6.6.0
[    3.024302] VFS: Dquot-cache hash table entries: 512 (order 0, 4096 bytes)
[    3.045341] squashfs: version 4.0 (2009/01/31) Phillip Lougher
[    3.056869] fuse init (API version 7.23)
[    3.062395] Key type big_key registered
[    3.081281] Allocating IMA MOK and blacklist keyrings.
[    3.093437] Key type asymmetric registered
[    3.122088] Asymmetric key parser 'x509' registered
[    3.123453] Block layer SCSI generic (bsg) driver version 0.4 loaded (major 249)
[    3.146732] io scheduler noop registered
[    3.175549] io scheduler deadline registered (default)
[    3.177197] io scheduler cfq registered
[    3.178630] pci_hotplug: PCI Hot Plug PCI Core version: 0.5
[    3.191377] pciehp: PCI Express Hot Plug Controller Driver version: 0.4
[    3.195472] ACPI: AC Adapter [AC] (off-line)
[    3.197654] input: Power Button as /devices/LNXSYSTM:00/LNXPWRBN:00/input/input0
[    3.200165] ACPI: Power Button [PWRF]
[    3.201659] input: Sleep Button as /devices/LNXSYSTM:00/LNXSLPBN:00/input/input1
[    3.205103] ACPI: Sleep Button [SLPF]
[    3.214906] ACPI: Battery Slot [BAT0] (battery present)
[    3.221637] GHES: HEST is not enabled!
[    3.235636] Serial: 8250/16550 driver, 32 ports, IRQ sharing enabled
[    3.259071] 00:02: ttyS0 at I/O 0x3f8 (irq = 4, base_baud = 115200) is a 16550A
[    3.291044] Linux agpgart interface v0.103
[    3.297398] brd: module loaded
[    3.298277] loop: module loaded
[    3.298881] scsi host0: ata_piix
[    3.298947] scsi host1: ata_piix
[    3.298979] ata1: PATA max UDMA/33 cmd 0x1f0 ctl 0x3f6 bmdma 0xd000 irq 14
[    3.298980] ata2: PATA max UDMA/33 cmd 0x170 ctl 0x376 bmdma 0xd008 irq 15
[    3.299058] libphy: Fixed MDIO Bus: probed
[    3.299060] tun: Universal TUN/TAP device driver, 1.6
[    3.299061] tun: (C) 1999-2004 Max Krasnyansky <maxk@qualcomm.com>
[    3.299109] PPP generic driver version 2.4.2
[    3.299163] ehci_hcd: USB 2.0 'Enhanced' Host Controller (EHCI) Driver
[    3.299168] ehci-pci: EHCI PCI platform driver
[    3.299187] ehci-platform: EHCI generic platform driver
[    3.299195] ohci_hcd: USB 1.1 'Open' Host Controller (OHCI) Driver
[    3.299199] ohci-pci: OHCI PCI platform driver
[    3.299208] ohci-platform: OHCI generic platform driver
[    3.299216] uhci_hcd: USB Universal Host Controller Interface driver
[    3.299275] i8042: PNP: PS/2 Controller [PNP0303:PS2K,PNP0f03:PS2M] at 0x60,0x64 irq 1,12
[    3.299755] serio: i8042 KBD port at 0x60,0x64 irq 1
[    3.299759] serio: i8042 AUX port at 0x60,0x64 irq 12
[    3.299958] mousedev: PS/2 mouse device common for all mice
[    3.300361] input: AT Translated Set 2 keyboard as /devices/platform/i8042/serio0/input/input2
[    3.300731] rtc_cmos rtc_cmos: rtc core: registered rtc_cmos as rtc0
[    3.300816] rtc_cmos rtc_cmos: alarms up to one day, 114 bytes nvram
[    3.300827] i2c /dev entries driver
[    3.300906] device-mapper: uevent: version 1.0.3
[    3.300988] device-mapper: ioctl: 4.34.0-ioctl (2015-10-28) initialised: dm-devel@redhat.com
[    3.301014] ledtrig-cpu: registered to indicate activity on CPUs
[    3.301408] NET: Registered protocol family 10
[    3.301618] NET: Registered protocol family 17
[    3.301633] Key type dns_resolver registered
[    3.301829] microcode: CPU0 sig=0x306a9, pf=0x2, revision=0x19
[    3.302722] microcode: CPU1 sig=0x306a9, pf=0x2, revision=0x19
[    3.302760] microcode: Microcode Update Driver: v2.01 <tigran@aivazian.fsnet.co.uk>, Peter Oruba
[    3.302949] registered taskstats version 1
[    3.302969] Loading compiled-in X.509 certificates
[    3.304003] Loaded X.509 cert 'Build time autogenerated kernel key: 11f495fa9f4186f263f5fd144a167c99990e2f12'
[    3.304049] zswap: loaded using pool lzo/zbud
[    3.306865] Key type trusted registered
[    3.310668] Key type encrypted registered
[    3.310674] AppArmor: AppArmor sha1 policy hashing enabled
[    3.310677] ima: No TPM chip found, activating TPM-bypass!
[    3.310703] evm: HMAC attrs: 0x1
[    3.311231]   Magic number: 5:839:494
[    3.313228] rtc_cmos rtc_cmos: setting system clock to 2017-02-27 18:29:26 UTC (1488220166)
[    3.313342] BIOS EDD facility v0.16 2004-Jun-25, 0 devices found
[    3.313343] EDD information not available.
[    4.204227] tsc: Refined TSC clocksource calibration: 2495.533 MHz
[    4.204232] clocksource: tsc: mask: 0xffffffffffffffff max_cycles: 0x23f8be15d83, max_idle_ns: 440795320263 ns
[    4.232493] Freeing unused kernel memory: 1488K (ffffffff81f45000 - ffffffff820b9000)
[    4.248477] Write protecting the kernel read-only data: 14336k
[    4.259871] Freeing unused kernel memory: 1776K (ffff880001844000 - ffff880001a00000)
[    4.305648] Freeing unused kernel memory: 116K (ffff880001de3000 - ffff880001e00000)
Loading, please [    4.385851] random: systemd-udevd: uninitialized urandom read (16 bytes read, 4 bits of entropy available)
wait...
starting version 229
[    4.386513] random: udevadm: uninitialized urandom read (16 bytes read, 4 bits of entropy available)
[    4.386554] random: udevadm: uninitialized urandom read (16 bytes read, 4 bits of entropy available)
[    4.386686] random: udevadm: uninitialized urandom read (16 bytes read, 4 bits of entropy available)
[    4.386735] random: udevadm: uninitialized urandom read (16 bytes read, 4 bits of entropy available)
[    4.386784] random: udevadm: uninitialized urandom read (16 bytes read, 4 bits of entropy available)
[    4.386835] random: udevadm: uninitialized urandom read (16 bytes read, 4 bits of entropy available)
[    4.386885] random: udevadm: uninitialized urandom read (16 bytes read, 4 bits of entropy available)
[    4.386932] random: udevadm: uninitialized urandom read (16 bytes read, 4 bits of entropy available)
[    4.386989] random: udevadm: uninitialized urandom read (16 bytes read, 4 bits of entropy available)
[    4.525850] e1000: Intel(R) PRO/1000 Network Driver - version 7.3.21-k8-NAPI
[    4.548264] e1000: Copyright (c) 1999-2006 Intel Corporation.
[    4.572739] Fusion MPT base driver 3.04.20
[    4.576319] Copyright (c) 1999-2008 LSI Corporation
[    4.584199] Fusion MPT SPI Host driver 3.04.20
[    4.610422] AVX version of gcm_enc/dec engaged.
[    4.618212] AES CTR mode by8 optimization enabled
[    4.783152] input: ImExPS/2 Generic Explorer Mouse as /devices/platform/i8042/serio1/input/input4
[    4.977433] e1000 0000:00:03.0 eth0: (PCI:33MHz:32-bit) 02:e4:5b:1a:6e:ce
[    4.990116] e1000 0000:00:03.0 eth0: Intel(R) PRO/1000 Network Connection
[    5.400562] e1000 0000:00:08.0 eth1: (PCI:33MHz:32-bit) 08:00:27:01:a6:56
[    5.403205] e1000 0000:00:08.0 eth1: Intel(R) PRO/1000 Network Connection
[    5.418971] mptbase: ioc0: Initiating bringup
[    5.458349] e1000 0000:00:03.0 enp0s3: renamed from eth0
[    5.476553] e1000 0000:00:08.0 enp0s8: renamed from eth1
[    5.539899] ioc0: LSI53C1030 A0: Capabilities={Initiator}
[    5.774496] scsi host2: ioc0: LSI53C1030 A0, FwRev=00000000h, Ports=1, MaxQ=256, IRQ=20
[    5.912359] scsi 2:0:0:0: Direct-Access     VBOX     HARDDISK         1.0  PQ: 0 ANSI: 5
[    5.928482] scsi target2:0:0: Beginning Domain Validation
[    5.935076] scsi target2:0:0: Domain Validation skipping write tests
[    5.946278] scsi target2:0:0: Ending Domain Validation
[    5.948061] scsi target2:0:0: asynchronous
[    5.950036] scsi 2:0:1:0: Direct-Access     VBOX     HARDDISK         1.0  PQ: 0 ANSI: 5
[    5.953813] scsi target2:0:1: Beginning Domain Validation
[    5.956780] scsi target2:0:1: Domain Validation skipping write tests
[    5.958779] scsi target2:0:1: Ending Domain Validation
[    5.960551] scsi target2:0:1: asynchronous
[    5.972735] sd 2:0:0:0: [sda] 20971520 512-byte logical blocks: (10.7 GB/10.0 GiB)
[    5.978753] sd 2:0:0:0: Attached scsi generic sg0 type 0
[    5.981656] sd 2:0:0:0: [sda] Write Protect is off
[    5.997216] sd 2:0:1:0: Attached scsi generic sg1 type 0
[    5.997343] sd 2:0:1:0: [sdb] 20480 512-byte logical blocks: (10.5 MB/10.0 MiB)
[    5.997434] sd 2:0:0:0: [sda] Incomplete mode parameter data
[    5.997436] sd 2:0:0:0: [sda] Assuming drive cache: write through
[    5.997554] sd 2:0:1:0: [sdb] Write Protect is off
[    5.997706] sd 2:0:1:0: [sdb] Incomplete mode parameter data
[    5.997707] sd 2:0:1:0: [sdb] Assuming drive cache: write through
[    6.000085] sd 2:0:1:0: [sdb] Attached SCSI disk
[    6.046077]  sda: sda1
[    6.047136] sd 2:0:0:0: [sda] Attached SCSI disk
[    7.576161] floppy0: no floppy controllers found
Begin: Loading e[    9.004085] md: linear personality registered for level -1
ssential drivers ... [    9.013403] md: multipath personality registered for level -4
[    9.018709] md: raid0 personality registered for level 0
[    9.025658] md: raid1 personality registered for level 1
[    9.107638] raid6: sse2x1   gen()  8184 MB/s
[    9.179769] raid6: sse2x1   xor()  6492 MB/s
[    9.251649] raid6: sse2x2   gen() 10147 MB/s
[    9.335727] raid6: sse2x2   xor()  6896 MB/s
[    9.403504] raid6: sse2x4   gen() 11627 MB/s
[    9.511879] raid6: sse2x4   xor()  8773 MB/s
[    9.518451] raid6: using algorithm sse2x4 gen() 11627 MB/s
[    9.528097] raid6: .... xor() 8773 MB/s, rmw enabled
[    9.549107] raid6: using ssse3x2 recovery algorithm
[    9.557349] xor: automatically using best checksumming function:
[    9.639656]    avx       : 30246.000 MB/sec
[    9.678032] async_tx: api initialized (async)
[    9.701118] md: raid6 personality registered for level 6
[    9.710593] md: raid5 personality registered for level 5
[    9.711864] md: raid4 personality registered for level 4
[    9.724219] md: raid10 personality registered for level 10
done.
Begin: Running /scripts/init-premount ... done.
Begin: Mounting root file[    9.769556] Btrfs loaded
 system ... Begin: Running /scripts/local-top ... done.
Begin: Running /scripts/local-premount ... Scanning for Btrfs filesystems
done.
Warning: fsck not present, so skipping root file system
[    9.955376] EXT4-fs (sda1): mounted filesystem with ordered data mode. Opts: (null)
done.
Begin: Running /scripts/local-bottom ... done.
Begin: Running /scripts/init-bottom ... done.
[   10.978877] systemd[1]: systemd 229 running in system mode. (+PAM +AUDIT +SELINUX +IMA +APPARMOR +SMACK +SYSVINIT +UTMP +LIBCRYPTSETUP +GCRYPT +GNUTLS +ACL +XZ -LZ4 +SECCOMP +BLKID +ELFUTILS +KMOD -IDN)
[   11.007888] systemd[1]: Detected virtualization oracle.
[   11.012999] systemd[1]: Detected architecture x86-64.

Welcome to [1mUbuntu 16.04.2 LTS[0m!

[   11.077077] systemd[1]: Set hostname to <ubuntu-xenial>.
[   11.109989] random: nonblocking pool is initialized
[   12.245478] systemd[1]: Listening on Journal Audit Socket.
[[0;32m  OK  [0m] Listening on Journal Audit Socket.
[   12.284166] systemd[1]: Started Forward Password Requests to Wall Directory Watch.
[[0;32m  OK  [0m] Started Forward Password Requests to Wall Directory Watch.
[   12.328760] systemd[1]: Set up automount Arbitrary Executable File Formats File System Automount Point.
[[0;32m  OK  [0m] Set up automount Arbitrary Executab...ats File System Automount Point.
[   12.356292] systemd[1]: Listening on Journal Socket (/dev/log).
[[0;32m  OK  [0m] Listening on Journal Socket (/dev/log).
[   12.381152] systemd[1]: Created slice System Slice.
[[0;32m  OK  [0m] Created slice System Slice.
[   12.404379] systemd[1]: Reached target Encrypted Volumes.
[[0;32m  OK  [0m] Reached target Encrypted Volumes.
[   12.424189] systemd[1]: Listening on Device-mapper event daemon FIFOs.
[[0;32m  OK  [0m] Listening on Device-mapper event daemon FIFOs.
[   12.464774] systemd[1]: Listening on Journal Socket.
[[0;32m  OK  [0m] Listening on Journal Socket.
[   12.576295] systemd[1]: Starting Uncomplicated firewall...
         Starting Uncomplicated firewall...
[   12.625119] systemd[1]: Mounting Debug File System...
         Mounting Debug File System...
[   12.660042] systemd[1]: Mounting Huge Pages File System...
         Mounting Huge Pages File System...
[   12.720630] systemd[1]: Starting Load Kernel Modules...
         Starting Load Kernel Modules...
[   12.757643] systemd[1]: Listening on udev Kernel Socket.
[[0;32m  OK  [0m] Listening on udev Kernel Socket.
[   12.827856] systemd[1]: Reached target User and Group Name Lookups.
[[0;32m  OK  [0m] Reached target User and Group Name Lookups.
[   12.872113] systemd[1]: Starting Remount Root and Kernel File Systems...
         [   12.897367] Loading iSCSI transport class v2.0-870.
Starting Remount[   12.965631] EXT4-fs (sda1): re-mounted. Opts: (null)
 Root and Kernel File Systems...
[   12.988531] systemd[1]: Listening on /dev/initctl Compatibility Named Pipe.
[[0;32m  OK  [0m] Listening on /dev/initctl Compatibility Named Pipe.
[   12.993730] systemd[1]: Listening on LVM2 metadata daemon socket.
[[0;32m  OK  [0m] Listening on LVM2 metadata daemon socket.
[   13.013441] iscsi: registered transport (tcp)
[   13.068346] systemd[1]: Starting Set console keymap...
         Starting Set console keymap...
[   13.084429] systemd[1]: Created slice system-serial\x2dgetty.slice.
[[0;32m  OK  [0m] Created slice system-serial\x2dgetty.slice.
[   13.108545] systemd[1]: Reached target Swap.
[[0;32m  OK  [0m] Reached target Swap.
[   13.116603] systemd[1]: Listening on Syslog Socket.
[[0;32m  OK  [0m] Listening on Syslog Socket.
[   13.156220] systemd[1]: Starting Journal Service...
         Starting Journal Service...
[   13.186514] systemd[1]: Listening on udev Control Socket.
[[0;32m  OK  [0m] Listening on udev Control Socket.
[   13.324466] systemd[1]: Mounting RPC Pipe File System...
         Mounting RPC Pipe File System...
[   13.349020] systemd[1]: Mounting POSIX Message Queue File System...
         Mounting POSIX Message Queue File System...
[   13.389378] systemd[1]: Created slice User and Session Slice.
[[0;32m  OK  [0m] Created slice User and Session Slice.
[   13.411950] systemd[1]: Reached target Slices.
[   13.430535] iscsi: registered transport (iser)
[[0;32m  OK  [0m] Reached target Slices.
[   13.480384] systemd[1]: Listening on LVM2 poll daemon socket.
[[0;32m  OK  [0m] Listening on LVM2 poll daemon socket.
[   13.505028] RPC: Registered named UNIX socket transport module.
[   13.552912] RPC: Registered udp transport module.
[   13.603578] RPC: Registered tcp transport module.
[   13.673013] RPC: Registered tcp NFSv4.1 backchannel transport module.
[   13.685822] systemd[1]: Starting Create list of required static device nodes for the current kernel...
         Starting Create list of required st... nodes for the current kernel...
[   13.744198] systemd[1]: Starting Nameserver information manager...
         Starting Nameserver information manager...
[   13.788244] systemd[1]: Starting Monitoring of LVM2 mirrors, snapshots etc. using dmeventd or progress polling...
         Starting Monitoring of LVM2 mirrors... dmeventd or progress polling...
[   13.829672] systemd[1]: Mounted RPC Pipe File System.
[[0;32m  OK  [0m] Mounted RPC Pipe File System.
[   13.856249] systemd[1]: Mounted POSIX Message Queue File System.
[[0;32m  OK  [0m] Mounted POSIX Message Queue File System.
[   13.866498] systemd[1]: Mounted Debug File System.
[[0;32m  OK  [0m] Mounted Debug File System.
[   13.877085] systemd[1]: Mounted Huge Pages File System.
[[0;32m  OK  [0m] Mounted Huge Pages File System.
[   13.900559] systemd[1]: Started Journal Service.
[[0;32m  OK  [0m] Started Journal Service.
[[0;32m  OK  [0m] Started Uncomplicated firewall.
[[0;32m  OK  [0m] Started Load Kernel Modules.
[[0;32m  OK  [0m] Started Remount Root and Kernel File Systems.
[[0;32m  OK  [0m] Started Set console keymap.
[[0;32m  OK  [0m] Started Create list of required sta...ce nodes for the current kernel.
[[0;32m  OK  [0m] Started Nameserver information manager.
[[0;32m  OK  [0m] Started LVM2 metadata daemon.
         Starting Create Static Device Nodes in /dev...
         Starting Initial cloud-init job (pre-networking)...
         Starting udev Coldplug all Devices...
         Starting Load/Save Random Seed...
         Mounting FUSE Control File System...
         Starting Apply Kernel Variables...
         Starting Flush Journal to Persistent Storage...
[[0;32m  OK  [0m] Mounted FUSE Control File System.
[[0;32m  OK  [0m] Started udev Coldplug all Devices.
[   14.792866] systemd-journald[427]: Received request to flush runtime journal from PID 1
[[0;32m  OK  [0m] Started Load/Save Random Seed.
[[0;32m  OK  [0m] Started Flush Journal to Persistent Storage.
[[0;32m  OK  [0m] Started Apply Kernel Variables.
[[0;32m  OK  [0m] Started Monitoring of LVM2 mirrors,...ng dmeventd or progress polling.
[[0;32m  OK  [0m] Started Create Static Device Nodes in /dev.
         Starting udev Kernel Device Manager...
[[0;32m  OK  [0m] Started udev Kernel Device Manager.
[[0;32m  OK  [0m] Started Dispatch Password Requests to Console Directory Watch.
[[0;32m  OK  [0m] Reached target Local File Systems (Pre).
[[0;32m  OK  [0m] Reached target Local File Systems.
         Starting LSB: AppArmor initialization...
         Starting Create Volatile Files and Directories...
         Starting Set console font and keymap...
         Starting Tell Plymouth To Write Out Runtime Data...
         Starting Preprocess NFS configuration...
[[0;32m  OK  [0m] Started Tell Plymouth To Write Out Runtime Data.
[[0;32m  OK  [0m] Found device /dev/ttyS0.
[[0;32m  OK  [0m] Started Preprocess NFS configuration.
[[0;32m  OK  [0m] Reached target NFS client services.
[[0;32m  OK  [0m] Started Create Volatile Files and Directories.
         Starting Update UTMP about System Boot/Shutdown...
[[0;32m  OK  [0m] Reached target System Time Synchronized.
[[0;32m  OK  [0m] Started Update UTMP about System Boot/Shutdown.
[[0;32m  OK  [0m] Found device 82540EM Gigabit Ethern...r (PRO/1000 MT Desktop Adapter).
[[0;32m  OK  [0m] Found device 82540EM Gigabit Ethern...r (PRO/1000 MT Desktop Adapter).
[[0;32m  OK  [0m] Started Set console font and keymap.
[[0;32m  OK  [0m] Created slice system-getty.slice.
[[0;32m  OK  [0m] Started LSB: AppArmor initialization.
[[0;32m  OK  [0m] Listening on Load/Save RF Kill Switch Status /dev/rfkill Watch.
[   20.271453] cloud-init[476]: Cloud-init v. 0.7.8 running 'init-local' at Mon, 27 Feb 2017 18:29:44 +0000. Up 19.57 seconds.
[[0;32m  OK  [0m] Started Initial cloud-init job (pre-networking).
[[0;32m  OK  [0m] Reached target Network (Pre).
[[0;32m  OK  [0m] Started ifup for enp0s8.
[[0;32m  OK  [0m] Started ifup for enp0s3.
         Starting Raise network interfaces...
[[0;32m  OK  [0m] Started Raise network interfaces.
[[0;32m  OK  [0m] Reached target Network.
         Starting Initial cloud-init job (metadata service crawler)...
[   21.784299] cloud-init[1175]: Cloud-init v. 0.7.8 running 'init' at Mon, 27 Feb 2017 18:29:46 +0000. Up 21.20 seconds.
[   21.825101] cloud-init[1175]: ci-info: ++++++++++++++++++++++++++++++++++++++Net device info++++++++++++++++++++++++++++++++++++++
[   21.841161] cloud-init[1175]: ci-info: +--------+------+-----------------------------+---------------+-------+-------------------+
[[0;32m  OK  [0m] Started Initial cloud-init job (metadata service crawler).
[   21.889364] cloud-init[1175]: ci-info: | Device |  Up  |           Address           |      Mask     | Scope |     Hw-Address    |
[   21.996585] cloud-init[1175]: ci-info: +--------+------+-----------------------------+---------------+-------+-------------------+
[   22.019004] cloud-init[1175]: ci-info: |   lo   | True |          127.0.0.1          |   255.0.0.0   |   .   |         .         |
[   22.052995] cloud-init[1175]: ci-info: |   lo   | True |           ::1/128           |       .       |  host |         .         |
[   22.084839] cloud-init[1175]: ci-info: | enp0s8 | True |        192.168.30.10        | 255.255.255.0 |   .   | 08:00:27:01:a6:56 |
[[0;32m  OK  [0m] Reached target Network is Online.
[   22.116272] cloud-init[1175]: ci-info: | enp0s8 | True | fe80::a00:27ff:fe01:a656/64 |       .       |  link | 08:00:27:01:a6:56 |
[   22.144938] cloud-init[1175]: ci-info: | enp0s3 | True |          10.0.2.15          | 255.255.255.0 |   .   | 02:e4:5b:1a:6e:ce |
         Starting iSCSI initiator daemon (iscsid)...
[[0;32m  OK  [0m] Reached target System Initialization.
[[0;32m  OK  [0m] Listening on RPCbind Server Activation Socket.
[   22.172687] cloud-init[1175]: ci-info: | enp0s3 | True |  fe80::e4:5bff:fe1a:6ece/64 |       .       |  link | 02:e4:5b:1a:6e:ce |
[[0;32m  OK  [0m] Started Trigger resolvconf update for networkd DNS.
         Starting Socket activation for snappy daemon.
[[0;32m  OK  [0m] Listening on ACPID Listen Socket.
[   22.213363] cloud-init[1175]: ci-info: +--------+------+-----------------------------+---------------+-------+-------------------+
[   22.316924] [cloud-init[0;32m  OK  [0m[1175]: ] ci-info: ++++++++++++++++++++++++++++Route IPv4 info++++++++++++++++++++++++++++Started Daily Cleanup of Temporary Directories.

[   22.317599] cloud-init[1175]: ci-info: +-------+--------------+----------+---------------+-----------+-------+
[   22.409134] [[0;32m  OK  [0m] Started ACPI Events Check.
[[0;32m  OK  [0m] Reached target Paths.
cloud-init[1175]: ci-info: | Route | Destination  | Gateway  |    Genmask    | Interface | Flags |
[   22.473098] [cloud-init[0;32m  OK  [0m[1175]: ] ci-info: +-------+--------------+----------+---------------+-----------+-------+Listening on D-Bus System Message Bus Socket.

[   22.492118] cloud-init[1175]: ci-info: |   0   |   0.0.0.0    | 10.0.2.2 |    0.0.0.0    |   enp0s3  |   UG  |
[   22.528652] [cloud-init[0;32m  OK  [0m[1175]: ] ci-info: |   1   |   10.0.2.0   | 0.0.0.0  | 255.255.255.0 |   enp0s3  |   U   |Started Daily apt activities.

[[0;32m  OK  [0m] Started Timer to automatically refresh installed snaps.
[[0;32m  OK  [0m] Reached target Timers.
[   22.529245] cloud-init[1175]: ci-info: |   2   | 192.168.30.0 | 0.0.0.0  | 255.255.255.0 |   enp0s8  |   U   |
[   22.641471] [cloud-init[0;32m  OK  [0m[1175]: ] ci-info: +-------+--------------+----------+---------------+-----------+-------+Listening on UUID daemon activation socket.

         Starting LXD - unix socket.
[[0;32m  OK  [0m] Reached target Cloud-config availability.
[[0;32m  OK  [0m] Listening on Socket activation for snappy daemon.
[[0;32m  OK  [0m] Listening on LXD - unix socket.
[[0;32m  OK  [0m] Started iSCSI initiator daemon (iscsid).
         Starting Login to default iSCSI targets...
[[0;32m  OK  [0m] Reached target Sockets.
[[0;32m  OK  [0m] Reached target Basic System.
         Starting /etc/rc.local Compatibility...
         Starting Login Service...
[[0;32m  OK  [0m] Started Deferred execution scheduler.
[[0;32m  OK  [0m] Started FUSE filesystem for LXC.
[[0;32m  OK  [0m] Started D-Bus System Message Bus.
[[0;32m  OK  [0m] Started Regular background program processing daemon.
         Starting OpenBSD Secure Shell server...
[[0;32m  OK  [0m] Started ACPI event daemon.
         Starting System Logging Service...
         Starting Apply the settings specified in cloud-config...
         Starting Accounts Service...
         Starting LXD - container startup/shutdown...
         Starting LSB: Record successful boot for GRUB...
         Starting LSB: MD monitoring daemon...
[[0;32m  OK  [0m] Started Snappy daemon.
         Starting Auto import assertions from block devices...
[[0;32m  OK  [0m] Started /etc/rc.local Compatibility.
[[0;32m  OK  [0m] Started Auto import assertions from block devices.
[[0;32m  OK  [0m] Started Login Service.
[[0;32m  OK  [0m] Started LSB: Record successful boot for GRUB.
[[0;32m  OK  [0m] Started System Logging Service.
[[0;32m  OK  [0m] Started Login to default iSCSI targets.
[[0;32m  OK  [0m] Started LSB: MD monitoring daemon.
[[0;32m  OK  [0m] Reached target Remote File Systems (Pre).
[[0;32m  OK  [0m] Reached target Remote File Systems.
         Starting LSB: automatic crash report generation...
         Starting LSB: Set the CPU Frequency Scaling governor to "ondemand"...
         Starting LSB: VirtualBox Linux Additions...
         Starting LSB: daemon to balance interrupts for SMP systems...
         Starting Permit User Sessions...
[[0;32m  OK  [0m] Started LSB: Set the CPU Frequency Scaling governor to "ondemand".
[[0;32m  OK  [0m] Started Permit User Sessions.
         Starting Terminate Plymouth Boot Screen...
         Starting Hold until boot process finishes up...
[[0;32m  OK  [0m] Started Terminate Plymouth Boot Screen.
[[0;32m  OK  [0m] Started Hold until boot process finishes up.
[   24.719169] cloud-init[1254]: Cloud-init v. 0.7.8 running 'modules:config' at Mon, 27 Feb 2017 18:29:48 +0000. Up 23.68 seconds.
[[0;32m  OK  [0m] Started Apply the settings specified in cloud-config.
[[0;32m  OK  [0m] Started LSB: automatic crash report generation.
[[0;32m  OK  [0m] Started OpenBSD Secure Shell server.
[[0;32m  OK  [0m] Started Getty on tty1.
         Starting Set console scheme...
[[0;32m  OK  [0m] Started Serial Getty on ttyS0.
[[0;32m  OK  [0m] Reached target Login Prompts.
[[0;32m  OK  [0m] Started LSB: daemon to balance interrupts for SMP systems.
[[0;32m  OK  [0m] Started Set console scheme.
[[0;32m  OK  [0m] Started LSB: VirtualBox Linux Additions.
         Starting Authenticate and Authorize Users to Run Privileged Tasks...
[[0;32m  OK  [0m] Started Authenticate and Authorize Users to Run Privileged Tasks.
[[0;32m  OK  [0m] Started Accounts Service.
[[0;32m  OK  [0m] Created slice User Slice of ubuntu.
         Starting User Manager for UID 1000...
[[0;32m  OK  [0m] Started Session 1 of user ubuntu.
[[0;32m  OK  [0m] Started User Manager for UID 1000.
[[0;32m  OK  [0m] Started LXD - container startup/shutdown.
[[0;32m  OK  [0m] Reached target Multi-User System.
[[0;32m  OK  [0m] Reached target Graphical Interface.
         Starting Execute cloud user/final scripts...
         Starting Update UTMP about System Runlevel Changes...
[[0;32m  OK  [0m] Started Update UTMP about System Runlevel Changes.
[   28.355165] cloud-init[1457]: Cloud-init v. 0.7.8 running 'modules:final' at Mon, 27 Feb 2017 18:29:53 +0000. Up 28.17 seconds.
[   28.433056] cloud-init[1457]: Cloud-init v. 0.7.8 finished at Mon, 27 Feb 2017 18:29:53 +0000. Datasource DataSourceNoCloud [seed=/dev/sdb][dsmode=net].  Up 28.34 seconds
[[0;32m  OK  [0m] Started Execute cloud user/final scripts.
[[0;32m  OK  [0m] Reached target Cloud-init target.

Ubuntu 16.04.2 LTS ubuntu-xenial ttyS0

ubuntu-xenial login: 